// Jest Snapshot v1, https://goo.gl/fbAQLP

exports[`renders pinned tasks at the start of the list 1`] = `
<div
  className="list-items"
>
  <div
    className="list-item TASK_PINNED"
  >
    <label
      className="checkbox"
    >
      <input
        defaultChecked={false}
        disabled={true}
        name="checked"
        type="checkbox"
      />
      <span
        className="checkbox-custom"
        onClick={[Function]}
      />
    </label>
    <div
      className="title"
    >
      <input
        placeholder="Input title"
        readOnly={true}
        type="text"
        value="Task 6 (pinned)"
      />
    </div>
    <div
      className="actions"
      onClick={[Function]}
    >
      <a
        onClick={[Function]}
      >
        <span
          className="icon-star"
        />
      </a>
    </div>
  </div>
  <div
    className="list-item TASK_INBOX"
  >
    <label
      className="checkbox"
    >
      <input
        defaultChecked={false}
        disabled={true}
        name="checked"
        type="checkbox"
      />
      <span
        className="checkbox-custom"
        onClick={[Function]}
      />
    </label>
    <div
      className="title"
    >
      <input
        placeholder="Input title"
        readOnly={true}
        type="text"
        value="Task 1"
      />
    </div>
    <div
      className="actions"
      onClick={[Function]}
    >
      <a
        onClick={[Function]}
      >
        <span
          className="icon-star"
        />
      </a>
    </div>
  </div>
  <div
    className="list-item TASK_INBOX"
  >
    <label
      className="checkbox"
    >
      <input
        defaultChecked={false}
        disabled={true}
        name="checked"
        type="checkbox"
      />
      <span
        className="checkbox-custom"
        onClick={[Function]}
      />
    </label>
    <div
      className="title"
    >
      <input
        placeholder="Input title"
        readOnly={true}
        type="text"
        value="Task 2"
      />
    </div>
    <div
      className="actions"
      onClick={[Function]}
    >
      <a
        onClick={[Function]}
      >
        <span
          className="icon-star"
        />
      </a>
    </div>
  </div>
  <div
    className="list-item TASK_INBOX"
  >
    <label
      className="checkbox"
    >
      <input
        defaultChecked={false}
        disabled={true}
        name="checked"
        type="checkbox"
      />
      <span
        className="checkbox-custom"
        onClick={[Function]}
      />
    </label>
    <div
      className="title"
    >
      <input
        placeholder="Input title"
        readOnly={true}
        type="text"
        value="Task 3"
      />
    </div>
    <div
      className="actions"
      onClick={[Function]}
    >
      <a
        onClick={[Function]}
      >
        <span
          className="icon-star"
        />
      </a>
    </div>
  </div>
  <div
    className="list-item TASK_INBOX"
  >
    <label
      className="checkbox"
    >
      <input
        defaultChecked={false}
        disabled={true}
        name="checked"
        type="checkbox"
      />
      <span
        className="checkbox-custom"
        onClick={[Function]}
      />
    </label>
    <div
      className="title"
    >
      <input
        placeholder="Input title"
        readOnly={true}
        type="text"
        value="Task 4"
      />
    </div>
    <div
      className="actions"
      onClick={[Function]}
    >
      <a
        onClick={[Function]}
      >
        <span
          className="icon-star"
        />
      </a>
    </div>
  </div>
  <div
    className="list-item TASK_INBOX"
  >
    <label
      className="checkbox"
    >
      <input
        defaultChecked={false}
        disabled={true}
        name="checked"
        type="checkbox"
      />
      <span
        className="checkbox-custom"
        onClick={[Function]}
      />
    </label>
    <div
      className="title"
    >
      <input
        placeholder="Input title"
        readOnly={true}
        type="text"
        value="Task 5"
      />
    </div>
    <div
      className="actions"
      onClick={[Function]}
    >
      <a
        onClick={[Function]}
      >
        <span
          className="icon-star"
        />
      </a>
    </div>
  </div>
</div>
`;
